Array
(
    [appName] => test
)
Array
(
    [appName] => test
    [logVerbosity] => 0
)
bool(false)
